[light] GET /api/listings
[light] GET /api/listings
[light] browse cards: 8
[light] GET /api/listings?category=maker-tools
[light] after "Maker tools" cards: 2
[light] GET /api/listings?category=events
[light] after "Events" cards: 1
[light] GET /api/listings?category=maker-tools
[light] GET /api/listings/lst-001
[light] GET /api/listings/lst-001
[light] GET /api/listings/nope
[light] nope heading: Not found
[light] POST /api/listings
[light] field errors: [
  'Title must be 3–80 characters',
  'Price must be a whole number from 0 to 100000',
  'Category must be a lowercase slug, e.g. "maker-tools"',
  'Description must be 10–1000 characters',
  'Seller must be 1–60 characters',
  'Location must be 1–60 characters'
]
[light] GET /api/listings
[light] GET /api/listings
[light] POST /api/listings
[light] GET /api/listings
[light] GET /api/listings
[light] after post url: /#/?posted=lst-009 first card: Walk-in cooler door gasket set (light), $45
[dark] GET /api/listings
[dark] GET /api/listings
[dark] browse cards: 9
[dark] GET /api/listings?category=maker-tools
[dark] after "Maker tools" cards: 2
[dark] GET /api/listings?category=events
[dark] after "Events" cards: 1
[dark] GET /api/listings?category=maker-tools
[dark] GET /api/listings/lst-001
[dark] GET /api/listings/lst-001
[dark] GET /api/listings/nope
[dark] nope heading: Not found
[dark] POST /api/listings
[dark] field errors: [
  'Title must be 3–80 characters',
  'Price must be a whole number from 0 to 100000',
  'Category must be a lowercase slug, e.g. "maker-tools"',
  'Description must be 10–1000 characters',
  'Seller must be 1–60 characters',
  'Location must be 1–60 characters'
]
[dark] GET /api/listings
[dark] GET /api/listings
[dark] POST /api/listings
[dark] GET /api/listings
[dark] GET /api/listings
[dark] after post url: /#/?posted=lst-010 first card: Walk-in cooler door gasket set (dark), $45
[theme os=light] no stored choice: data-theme=null --bg=#fffaf2
[theme os=light] after toggle: data-theme=dark stored=dark
[theme os=light] after reload: data-theme=dark --bg=#191d1d
[theme os=dark] no stored choice: data-theme=null --bg=#191d1d
[theme os=dark] after toggle: data-theme=light stored=light
[theme os=dark] after reload: data-theme=light --bg=#fffaf2
